// Jest Snapshot v1, https://goo.gl/fbAQLP

exports[`renders correctly 1`] = `
<View
  style={
    Object {
      "backgroundColor": "#FFF",
      "flex": 1,
    }
  }
>
  <RCTScrollView
    automaticallyAdjustContentInsets={false}
    contentInset={
      Object {
        "bottom": 0,
      }
    }
    enableAutomaticScroll={true}
    enableOnAndroid={true}
    enableResetScrollToCoords={true}
    extraHeight={75}
    extraScrollHeight={130}
    getScrollResponder={[Function]}
    handleOnScroll={[Function]}
    keyboardDismissMode="interactive"
    keyboardOpeningTime={250}
    keyboardSpace={0}
    onScroll={[Function]}
    resetKeyboardSpace={[Function]}
    scrollEnabled={false}
    scrollEventThrottle={1}
    scrollForExtraHeightOnAndroid={[Function]}
    scrollIntoView={[Function]}
    scrollToEnd={[Function]}
    scrollToFocusedInput={[Function]}
    scrollToPosition={[Function]}
    showsVerticalScrollIndicator={true}
    style={Object {}}
    update={[Function]}
    viewIsInsideTabBar={false}
  >
    <View>
      <View
        style={
          Object {
            "alignItems": "flex-start",
            "flexDirection": "row",
            "flexWrap": "wrap",
            "padding": 10,
            "paddingTop": 20,
          }
        }
      >
        <Text
          style={
            Object {
              "fontSize": 40,
              "marginRight": 50,
              "width": 290,
            }
          }
        >
          someUserName
        </Text>
        <View
          accessible={true}
          focusable={true}
          isTVSelectable={true}
          onClick={[Function]}
          onResponderGrant={[Function]}
          onResponderMove={[Function]}
          onResponderRelease={[Function]}
          onResponderTerminate={[Function]}
          onResponderTerminationRequest={[Function]}
          onStartShouldSetResponder={[Function]}
          style={
            Object {
              "alignContent": "center",
              "alignSelf": "flex-end",
              "height": 50,
              "justifyContent": "center",
              "marginBottom": 0,
              "right": 0,
              "width": 50,
            }
          }
        >
          <Text
            style={
              Object {
                "color": "#FF7D00",
                "fontSize": 45,
                "textAlign": "center",
              }
            }
          >
            &gt;
          </Text>
        </View>
      </View>
      <View
        style={
          Object {
            "height": 510,
          }
        }
      >
        <RCTScrollView>
          <View>
            <View
              style={
                Object {
                  "backgroundColor": "#FDB372",
                  "borderRadius": 15,
                  "elevation": 5,
                  "margin": 10,
                  "marginLeft": 20,
                  "maxWidth": 220,
                  "padding": 10,
                }
              }
            >
              <Text
                style={
                  Object {
                    "color": "#FFF",
                    "fontSize": 20,
                  }
                }
              />
              <Text
                style={
                  Object {
                    "bottom": 0,
                    "color": "#FFF",
                    "fontSize": 15,
                  }
                }
              />
            </View>
          </View>
        </RCTScrollView>
      </View>
      <View
        style={
          Object {
            "alignItems": "flex-end",
            "bottom": 0,
            "flexDirection": "row",
            "flexWrap": "wrap",
            "height": 100,
            "padding": 15,
            "paddingTop": 0,
          }
        }
      >
        <TextInput
          allowFontScaling={true}
          autoCapitalize="words"
          autoCorrect={true}
          onChangeText={[Function]}
          onSubmitEditing={[Function]}
          placeholder="Type Another"
          placeholderTextColor="#151616"
          rejectResponderTermination={true}
          secureTextEntry={false}
          style={
            Object {
              "fontSize": 20,
              "height": 100,
              "margin": 10,
              "width": 230,
            }
          }
          underlineColorAndroid="transparent"
        />
        <View
          accessible={true}
          focusable={true}
          isTVSelectable={true}
          onClick={[Function]}
          onResponderGrant={[Function]}
          onResponderMove={[Function]}
          onResponderRelease={[Function]}
          onResponderTerminate={[Function]}
          onResponderTerminationRequest={[Function]}
          onStartShouldSetResponder={[Function]}
          style={
            Object {
              "backgroundColor": "#FFF",
              "borderRadius": 15,
              "elevation": 5,
              "height": 50,
              "justifyContent": "center",
              "marginBottom": 35,
              "marginLeft": 45,
              "width": 85,
            }
          }
        >
          <Text
            style={
              Object {
                "color": "#000",
                "fontSize": 25,
                "textAlign": "center",
              }
            }
          >
            Send
          </Text>
        </View>
      </View>
    </View>
  </RCTScrollView>
</View>
`;
